# Meteor packages used by this project, one per line.

# Core Packages
meteor-base@1.4.0             	          # Packages every Meteor app needs to have
mobile-experience@1.0.5       	          # Packages for a great mobile user experience
dynamic-import@0.4.0						          # Runtime support for Meteor 1.5 dynamic import(...) syntax
shell-server@0.3.1							          # Server-side component of the `meteor shell` command
es5-shim@4.8.0               	            # ECMAScript 5 compatibility for older browsers
ecmascript@0.11.1              	          # Enable ECMAScript2015+ syntax in app code
static-html@1.2.2								          # Define static page content in .html files

# JS/Styles minifier
standard-minifier-css@1.4.1   	          # CSS minifier run for production mode
standard-minifier-js@2.3.4    	          # JS minifier run for production mode

# Reactive
reactive-var@1.0.11                       # Reactive variable for tracker
tracker@1.2.0                 	          # Meteor's client-side reactive programming library
session@1.1.7										          # Session variable. Provides a global object on the client

# Data
mongo@1.5.0                               # The database Meteor supports right now
aldeed:collection2@3.0.0                  # Allows you to attach a schema to a Mongo.Collection
check@1.3.1                               # Package for argument checking and general pattern matching                   
deanius:promise@3.1.3                     # Utilities for Promise-based wrappers, method calls, helpers and HTTP in Meteor

# Vue.js Wrapper Meteor
akryum:vue@1.2.2								          # Integrate Vue with Meteor
akryum:vue-component@0.9.2			          # VueJS single-file components that hot-reloads
akryum:vue-router2@0.1.0				          # Easy vue routing for Meteor - vue-router 2.x
akryum:vue-ssr@0.3.1                      # Vue Server Side Rendering

# Stylus
akryum:vue-stylus@0.0.5					          # Add stylus support for vue components

# Accouns
accounts-password@1.5.1                   # Contains a full system for password-based authentication
accounts-base@1.4.2                       # The basic functions necessary for user accounts and lets other packages register login service
alanning:roles@1.2.16                     # Authorization package for Meteor

# Security
audit-argument-checks@1.0.7               # This package causes Meteor to require that all arguments passed to methods and publish functions are checked
mdg:validated-method@1.1.0                # Define Meteor methods in a structured way, with mixins
mdg:validation-error@0.5.1                # Validation error to indicate that a method call has failed and the client can fix it by changing specific arguments 
ddp-rate-limiter@1.0.7                    # A rate limiter added directly to DDP that provides an API to add rules to Meteor methods and collections.
dburles:mongo-collection-instances@0.3.5  # This package augments Mongo.Collection (and the deprecated Meteor.Collection) and allows you to later lookup a Mongo Collection instance by the collection name

# Testing
meteortesting:mocha@1.0.0                 # A Mocha test driver package for Meteor
msavin:mongol@0.5.5                       # In-App MongoDB Editor
underscore
ostrio:files
